input: 0 and 3
+  3
*  0
/  0
&  0
|  3
&& 0
|| 1
