input: 3 and 6
+  9
*  18
/  0.5
&  2
|  7
&& 1
|| 1
