for 0
for 1
for 2
for 3
for 4
for 5
for 6
for 7
for 8
for 9
while 0
while 1
while 2
while 3
while 4
while 5
while 6
while 7
while 8
while 9
do 0
do 1
do 2
do 3
do 4
do 5
do 6
do 7
do 8
do 9
