for 0
for 1
for 2
for 3
while 0
while 1
while 2
while 3
do 0
do 1
do 2
do 3
