Field:     void                  at 0
Field:    float globf            at 0
Field:   vector globv            at 1
Field:   string globs            at 4
Field: function globfunc         at 5
